// Jest Snapshot v1, https://goo.gl/fbAQLP

exports[`CalendarComponent renders correctly 1`] = `
<div
  className="calendar-component__wrapper checkInDate"
>
  <div
    className="calendar-nav__wrapper"
  >
    <button
      className="calendar-nav__btn--arrow-left"
      onClick={[Function]}
    >
      ⟵
    </button>
    <span
      className="calendar-nav__date"
    >
      
    </span>
    <button
      className="calendar-nav__btn--arrow-right"
      onClick={[Function]}
    >
      ⟶
    </button>
  </div>
  <div
    className="calendar-body__wrapper"
  >
    <div
      className="weekday"
    >
      Su
    </div>
    <div
      className="weekday"
    >
      Mo
    </div>
    <div
      className="weekday"
    >
      Tu
    </div>
    <div
      className="weekday"
    >
      We
    </div>
    <div
      className="weekday"
    >
      Th
    </div>
    <div
      className="weekday"
    >
      Fr
    </div>
    <div
      className="weekday"
    >
      Sa
    </div>
  </div>
  <div
    className="calendar-footer__wrapper"
  >
    <span>
      Minimum stay varies
    </span>
    <span>
      Updated 23 days ago
    </span>
  </div>
</div>
`;
